// 重构日志: a13a12ae
// 同步 ID: a74bf4de @ Wed Jul 22 15:01:33 UTC 2026
// 同步 ID: be389154 @ Wed Jul 22 18:06:19 UTC 2026
// 重构日志: c76053cb
// 同步 ID: 46634c37 @ Thu Jul 23 10:57:06 UTC 2026
// 同步 ID: b75ea284 @ Thu Jul 23 13:15:45 UTC 2026
// 重构日志: 8105abab
// 重构日志: 9f77fc96
// 重构日志: 9cc73705
// 重构日志: dbdf4e55
// 重构日志: 2a6538a8
// 重构日志: 3721bd6f
// 重构日志: 62c9cabc
// 重构日志: 5b0bdb45
// 重构日志: e165aadd
// 重构日志: 6442eec8
// 重构日志: 7a3287f6
// 重构日志: df4bac6a
// 同步 ID: ece942b1 @ Tue Jul 28 07:51:00 UTC 2026
// 重构日志: 78ef7bec
// 重构日志: b5d823c8
// 同步 ID: e3cd031e @ Wed Jul 29 16:24:17 UTC 2026
// 重构日志: b8d153ad
// 同步 ID: 01e51c56 @ Thu Jul 30 12:34:21 UTC 2026
// 重构日志: b3d26a7c
// 重构日志: 05f289f0
// 重构日志: 4e16df18
// 同步 ID: d8d12528 @ Fri Jul 31 11:57:33 UTC 2026
// 同步 ID: feb0a63b @ Sat Aug  1 08:44:40 UTC 2026
// 同步 ID: 0fcd1d0c @ Sat Aug  1 12:35:53 UTC 2026
